// Jest Snapshot v1, https://goo.gl/fbAQLP

exports[`Expo Config Plugin Tests Should modify AndroidManifest.xml 1`] = `
"<manifest xmlns:android="http://schemas.android.com/apk/res/android" package="com.example" xmlns:tools="http://schemas.android.com/tools">
  <uses-permission android:name="android.permission.INTERNET"/>
  <uses-permission android:name="android.permission.READ_EXTERNAL_STORAGE"/>
  <uses-permission android:name="android.permission.SYSTEM_ALERT_WINDOW"/>
  <uses-permission android:name="android.permission.VIBRATE"/>
  <uses-permission android:name="android.permission.WRITE_EXTERNAL_STORAGE"/>
  <queries>
    <intent>
      <action android:name="android.intent.action.VIEW"/>
      <category android:name="android.intent.category.BROWSABLE"/>
      <data android:scheme="https"/>
    </intent>
  </queries>
  <application android:name=".MainApplication" android:label="@string/app_name" android:icon="@mipmap/ic_launcher" android:roundIcon="@mipmap/ic_launcher_round" android:allowBackup="true" android:theme="@style/AppTheme" android:usesCleartextTraffic="true">
    <meta-data android:name="com.google.android.gms.ads.APPLICATION_ID" android:value="TestAppId" tools:replace="android:value"/>
    <meta-data android:name="com.google.android.gms.ads.DELAY_APP_MEASUREMENT_INIT" android:value="true" tools:replace="android:value"/>
    <meta-data android:name="com.google.android.gms.ads.flag.OPTIMIZE_AD_LOADING" android:value="true" tools:replace="android:value"/>
    <meta-data android:name="com.google.android.gms.ads.flag.OPTIMIZE_INITIALIZATION" android:value="true" tools:replace="android:value"/>
    <meta-data android:name="expo.modules.updates.ENABLED" android:value="true"/>
    <meta-data android:name="expo.modules.updates.EXPO_SDK_VERSION" android:value="47.0.0"/>
    <meta-data android:name="expo.modules.updates.EXPO_UPDATES_CHECK_ON_LAUNCH" android:value="ALWAYS"/>
    <meta-data android:name="expo.modules.updates.EXPO_UPDATES_LAUNCH_WAIT_MS" android:value="0"/>
    <meta-data android:name="expo.modules.updates.EXPO_UPDATE_URL" android:value="https://exp.host/@anonymous/example"/>
    <activity android:name=".MainActivity" android:label="@string/app_name" android:configChanges="keyboard|keyboardHidden|orientation|screenSize|uiMode" android:launchMode="singleTask" android:windowSoftInputMode="adjustResize" android:theme="@style/Theme.App.SplashScreen" android:exported="true">
      <intent-filter>
        <action android:name="android.intent.action.MAIN"/>
        <category android:name="android.intent.category.LAUNCHER"/>
      </intent-filter>
      <intent-filter>
        <action android:name="android.intent.action.VIEW"/>
        <category android:name="android.intent.category.DEFAULT"/>
        <category android:name="android.intent.category.BROWSABLE"/>
        <data android:scheme="com.example"/>
      </intent-filter>
    </activity>
    <activity android:name="com.facebook.react.devsupport.DevSettingsActivity" android:exported="false"/>
  </application>
</manifest>"
`;

exports[`Expo Config Plugin Tests Should modify AndroidManifest.xml 2`] = `
"<manifest xmlns:android="http://schemas.android.com/apk/res/android" package="com.example" xmlns:tools="http://schemas.android.com/tools">
  <uses-permission android:name="android.permission.INTERNET"/>
  <uses-permission android:name="android.permission.READ_EXTERNAL_STORAGE"/>
  <uses-permission android:name="android.permission.SYSTEM_ALERT_WINDOW"/>
  <uses-permission android:name="android.permission.VIBRATE"/>
  <uses-permission android:name="android.permission.WRITE_EXTERNAL_STORAGE"/>
  <queries>
    <intent>
      <action android:name="android.intent.action.VIEW"/>
      <category android:name="android.intent.category.BROWSABLE"/>
      <data android:scheme="https"/>
    </intent>
  </queries>
  <application android:name=".MainApplication" android:label="@string/app_name" android:icon="@mipmap/ic_launcher" android:roundIcon="@mipmap/ic_launcher_round" android:allowBackup="true" android:theme="@style/AppTheme" android:usesCleartextTraffic="true">
    <meta-data android:name="com.google.android.gms.ads.APPLICATION_ID" android:value="TestAppId" tools:replace="android:value"/>
    <meta-data android:name="com.google.android.gms.ads.DELAY_APP_MEASUREMENT_INIT" android:value="true" tools:replace="android:value"/>
    <meta-data android:name="com.google.android.gms.ads.flag.OPTIMIZE_AD_LOADING" android:value="true" tools:replace="android:value"/>
    <meta-data android:name="com.google.android.gms.ads.flag.OPTIMIZE_INITIALIZATION" android:value="true" tools:replace="android:value"/>
    <meta-data android:name="expo.modules.updates.ENABLED" android:value="true"/>
    <meta-data android:name="expo.modules.updates.EXPO_SDK_VERSION" android:value="47.0.0"/>
    <meta-data android:name="expo.modules.updates.EXPO_UPDATES_CHECK_ON_LAUNCH" android:value="ALWAYS"/>
    <meta-data android:name="expo.modules.updates.EXPO_UPDATES_LAUNCH_WAIT_MS" android:value="0"/>
    <meta-data android:name="expo.modules.updates.EXPO_UPDATE_URL" android:value="https://exp.host/@anonymous/example"/>
    <activity android:name=".MainActivity" android:label="@string/app_name" android:configChanges="keyboard|keyboardHidden|orientation|screenSize|uiMode" android:launchMode="singleTask" android:windowSoftInputMode="adjustResize" android:theme="@style/Theme.App.SplashScreen" android:exported="true">
      <intent-filter>
        <action android:name="android.intent.action.MAIN"/>
        <category android:name="android.intent.category.LAUNCHER"/>
      </intent-filter>
      <intent-filter>
        <action android:name="android.intent.action.VIEW"/>
        <category android:name="android.intent.category.DEFAULT"/>
        <category android:name="android.intent.category.BROWSABLE"/>
        <data android:scheme="com.example"/>
      </intent-filter>
    </activity>
    <activity android:name="com.facebook.react.devsupport.DevSettingsActivity" android:exported="false"/>
  </application>
</manifest>"
`;

exports[`Expo Config Plugin Tests Should modify AndroidManifest.xml 3`] = `
"<manifest xmlns:android="http://schemas.android.com/apk/res/android" package="com.example" xmlns:tools="http://schemas.android.com/tools">
  <uses-permission android:name="android.permission.INTERNET"/>
  <uses-permission android:name="android.permission.READ_EXTERNAL_STORAGE"/>
  <uses-permission android:name="android.permission.SYSTEM_ALERT_WINDOW"/>
  <uses-permission android:name="android.permission.VIBRATE"/>
  <uses-permission android:name="android.permission.WRITE_EXTERNAL_STORAGE"/>
  <queries>
    <intent>
      <action android:name="android.intent.action.VIEW"/>
      <category android:name="android.intent.category.BROWSABLE"/>
      <data android:scheme="https"/>
    </intent>
  </queries>
  <application android:name=".MainApplication" android:label="@string/app_name" android:icon="@mipmap/ic_launcher" android:roundIcon="@mipmap/ic_launcher_round" android:allowBackup="true" android:theme="@style/AppTheme" android:usesCleartextTraffic="true">
    <meta-data android:name="com.google.android.gms.ads.APPLICATION_ID" android:value="TestAppId" tools:replace="android:value"/>
    <meta-data android:name="com.google.android.gms.ads.DELAY_APP_MEASUREMENT_INIT" android:value="true" tools:replace="android:value"/>
    <meta-data android:name="com.google.android.gms.ads.flag.OPTIMIZE_AD_LOADING" android:value="true" tools:replace="android:value"/>
    <meta-data android:name="com.google.android.gms.ads.flag.OPTIMIZE_INITIALIZATION" android:value="true" tools:replace="android:value"/>
    <meta-data android:name="expo.modules.updates.ENABLED" android:value="true"/>
    <meta-data android:name="expo.modules.updates.EXPO_SDK_VERSION" android:value="47.0.0"/>
    <meta-data android:name="expo.modules.updates.EXPO_UPDATES_CHECK_ON_LAUNCH" android:value="ALWAYS"/>
    <meta-data android:name="expo.modules.updates.EXPO_UPDATES_LAUNCH_WAIT_MS" android:value="0"/>
    <meta-data android:name="expo.modules.updates.EXPO_UPDATE_URL" android:value="https://exp.host/@anonymous/example"/>
    <activity android:name=".MainActivity" android:label="@string/app_name" android:configChanges="keyboard|keyboardHidden|orientation|screenSize|uiMode" android:launchMode="singleTask" android:windowSoftInputMode="adjustResize" android:theme="@style/Theme.App.SplashScreen" android:exported="true">
      <intent-filter>
        <action android:name="android.intent.action.MAIN"/>
        <category android:name="android.intent.category.LAUNCHER"/>
      </intent-filter>
      <intent-filter>
        <action android:name="android.intent.action.VIEW"/>
        <category android:name="android.intent.category.DEFAULT"/>
        <category android:name="android.intent.category.BROWSABLE"/>
        <data android:scheme="com.example"/>
      </intent-filter>
    </activity>
    <activity android:name="com.facebook.react.devsupport.DevSettingsActivity" android:exported="false"/>
  </application>
</manifest>"
`;

exports[`Expo Config Plugin Tests Should modify AndroidManifest.xml idempotently 1`] = `
"<manifest xmlns:android="http://schemas.android.com/apk/res/android" package="com.example" xmlns:tools="http://schemas.android.com/tools">
  <uses-permission android:name="android.permission.INTERNET"/>
  <uses-permission android:name="android.permission.READ_EXTERNAL_STORAGE"/>
  <uses-permission android:name="android.permission.SYSTEM_ALERT_WINDOW"/>
  <uses-permission android:name="android.permission.VIBRATE"/>
  <uses-permission android:name="android.permission.WRITE_EXTERNAL_STORAGE"/>
  <queries>
    <intent>
      <action android:name="android.intent.action.VIEW"/>
      <category android:name="android.intent.category.BROWSABLE"/>
      <data android:scheme="https"/>
    </intent>
  </queries>
  <application android:name=".MainApplication" android:label="@string/app_name" android:icon="@mipmap/ic_launcher" android:roundIcon="@mipmap/ic_launcher_round" android:allowBackup="true" android:theme="@style/AppTheme" android:usesCleartextTraffic="true">
    <meta-data android:name="com.google.android.gms.ads.APPLICATION_ID" android:value="TestAppId" tools:replace="android:value"/>
    <meta-data android:name="com.google.android.gms.ads.DELAY_APP_MEASUREMENT_INIT" android:value="true" tools:replace="android:value"/>
    <meta-data android:name="com.google.android.gms.ads.flag.OPTIMIZE_AD_LOADING" android:value="true" tools:replace="android:value"/>
    <meta-data android:name="com.google.android.gms.ads.flag.OPTIMIZE_INITIALIZATION" android:value="true" tools:replace="android:value"/>
    <meta-data android:name="expo.modules.updates.ENABLED" android:value="true"/>
    <meta-data android:name="expo.modules.updates.EXPO_SDK_VERSION" android:value="47.0.0"/>
    <meta-data android:name="expo.modules.updates.EXPO_UPDATES_CHECK_ON_LAUNCH" android:value="ALWAYS"/>
    <meta-data android:name="expo.modules.updates.EXPO_UPDATES_LAUNCH_WAIT_MS" android:value="0"/>
    <meta-data android:name="expo.modules.updates.EXPO_UPDATE_URL" android:value="https://exp.host/@anonymous/example"/>
    <activity android:name=".MainActivity" android:label="@string/app_name" android:configChanges="keyboard|keyboardHidden|orientation|screenSize|uiMode" android:launchMode="singleTask" android:windowSoftInputMode="adjustResize" android:theme="@style/Theme.App.SplashScreen" android:exported="true">
      <intent-filter>
        <action android:name="android.intent.action.MAIN"/>
        <category android:name="android.intent.category.LAUNCHER"/>
      </intent-filter>
      <intent-filter>
        <action android:name="android.intent.action.VIEW"/>
        <category android:name="android.intent.category.DEFAULT"/>
        <category android:name="android.intent.category.BROWSABLE"/>
        <data android:scheme="com.example"/>
      </intent-filter>
    </activity>
    <activity android:name="com.facebook.react.devsupport.DevSettingsActivity" android:exported="false"/>
  </application>
</manifest>"
`;

exports[`Expo Config Plugin Tests Should modify AndroidManifest.xml idempotently 2`] = `
"<manifest xmlns:android="http://schemas.android.com/apk/res/android" package="com.example" xmlns:tools="http://schemas.android.com/tools">
  <uses-permission android:name="android.permission.INTERNET"/>
  <uses-permission android:name="android.permission.READ_EXTERNAL_STORAGE"/>
  <uses-permission android:name="android.permission.SYSTEM_ALERT_WINDOW"/>
  <uses-permission android:name="android.permission.VIBRATE"/>
  <uses-permission android:name="android.permission.WRITE_EXTERNAL_STORAGE"/>
  <queries>
    <intent>
      <action android:name="android.intent.action.VIEW"/>
      <category android:name="android.intent.category.BROWSABLE"/>
      <data android:scheme="https"/>
    </intent>
  </queries>
  <application android:name=".MainApplication" android:label="@string/app_name" android:icon="@mipmap/ic_launcher" android:roundIcon="@mipmap/ic_launcher_round" android:allowBackup="true" android:theme="@style/AppTheme" android:usesCleartextTraffic="true">
    <meta-data android:name="com.google.android.gms.ads.APPLICATION_ID" android:value="TestAppId" tools:replace="android:value"/>
    <meta-data android:name="com.google.android.gms.ads.DELAY_APP_MEASUREMENT_INIT" android:value="true" tools:replace="android:value"/>
    <meta-data android:name="com.google.android.gms.ads.flag.OPTIMIZE_AD_LOADING" android:value="true" tools:replace="android:value"/>
    <meta-data android:name="com.google.android.gms.ads.flag.OPTIMIZE_INITIALIZATION" android:value="true" tools:replace="android:value"/>
    <meta-data android:name="expo.modules.updates.ENABLED" android:value="true"/>
    <meta-data android:name="expo.modules.updates.EXPO_SDK_VERSION" android:value="47.0.0"/>
    <meta-data android:name="expo.modules.updates.EXPO_UPDATES_CHECK_ON_LAUNCH" android:value="ALWAYS"/>
    <meta-data android:name="expo.modules.updates.EXPO_UPDATES_LAUNCH_WAIT_MS" android:value="0"/>
    <meta-data android:name="expo.modules.updates.EXPO_UPDATE_URL" android:value="https://exp.host/@anonymous/example"/>
    <activity android:name=".MainActivity" android:label="@string/app_name" android:configChanges="keyboard|keyboardHidden|orientation|screenSize|uiMode" android:launchMode="singleTask" android:windowSoftInputMode="adjustResize" android:theme="@style/Theme.App.SplashScreen" android:exported="true">
      <intent-filter>
        <action android:name="android.intent.action.MAIN"/>
        <category android:name="android.intent.category.LAUNCHER"/>
      </intent-filter>
      <intent-filter>
        <action android:name="android.intent.action.VIEW"/>
        <category android:name="android.intent.category.DEFAULT"/>
        <category android:name="android.intent.category.BROWSABLE"/>
        <data android:scheme="com.example"/>
      </intent-filter>
    </activity>
    <activity android:name="com.facebook.react.devsupport.DevSettingsActivity" android:exported="false"/>
  </application>
</manifest>"
`;

exports[`Expo Config Plugin Tests Should modify AndroidManifest.xml idempotently 3`] = `
"<manifest xmlns:android="http://schemas.android.com/apk/res/android" package="com.example" xmlns:tools="http://schemas.android.com/tools">
  <uses-permission android:name="android.permission.INTERNET"/>
  <uses-permission android:name="android.permission.READ_EXTERNAL_STORAGE"/>
  <uses-permission android:name="android.permission.SYSTEM_ALERT_WINDOW"/>
  <uses-permission android:name="android.permission.VIBRATE"/>
  <uses-permission android:name="android.permission.WRITE_EXTERNAL_STORAGE"/>
  <queries>
    <intent>
      <action android:name="android.intent.action.VIEW"/>
      <category android:name="android.intent.category.BROWSABLE"/>
      <data android:scheme="https"/>
    </intent>
  </queries>
  <application android:name=".MainApplication" android:label="@string/app_name" android:icon="@mipmap/ic_launcher" android:roundIcon="@mipmap/ic_launcher_round" android:allowBackup="true" android:theme="@style/AppTheme" android:usesCleartextTraffic="true">
    <meta-data android:name="com.google.android.gms.ads.APPLICATION_ID" android:value="TestAppId" tools:replace="android:value"/>
    <meta-data android:name="com.google.android.gms.ads.DELAY_APP_MEASUREMENT_INIT" android:value="true" tools:replace="android:value"/>
    <meta-data android:name="com.google.android.gms.ads.flag.OPTIMIZE_AD_LOADING" android:value="true" tools:replace="android:value"/>
    <meta-data android:name="com.google.android.gms.ads.flag.OPTIMIZE_INITIALIZATION" android:value="true" tools:replace="android:value"/>
    <meta-data android:name="expo.modules.updates.ENABLED" android:value="true"/>
    <meta-data android:name="expo.modules.updates.EXPO_SDK_VERSION" android:value="47.0.0"/>
    <meta-data android:name="expo.modules.updates.EXPO_UPDATES_CHECK_ON_LAUNCH" android:value="ALWAYS"/>
    <meta-data android:name="expo.modules.updates.EXPO_UPDATES_LAUNCH_WAIT_MS" android:value="0"/>
    <meta-data android:name="expo.modules.updates.EXPO_UPDATE_URL" android:value="https://exp.host/@anonymous/example"/>
    <activity android:name=".MainActivity" android:label="@string/app_name" android:configChanges="keyboard|keyboardHidden|orientation|screenSize|uiMode" android:launchMode="singleTask" android:windowSoftInputMode="adjustResize" android:theme="@style/Theme.App.SplashScreen" android:exported="true">
      <intent-filter>
        <action android:name="android.intent.action.MAIN"/>
        <category android:name="android.intent.category.LAUNCHER"/>
      </intent-filter>
      <intent-filter>
        <action android:name="android.intent.action.VIEW"/>
        <category android:name="android.intent.category.DEFAULT"/>
        <category android:name="android.intent.category.BROWSABLE"/>
        <data android:scheme="com.example"/>
      </intent-filter>
    </activity>
    <activity android:name="com.facebook.react.devsupport.DevSettingsActivity" android:exported="false"/>
  </application>
</manifest>"
`;

exports[`Expo Config Plugin Tests Should modify Info.plist 1`] = `
"<?xml version="1.0" encoding="UTF-8"?>
<!DOCTYPE plist PUBLIC "-//Apple//DTD PLIST 1.0//EN" "http://www.apple.com/DTDs/PropertyList-1.0.dtd">
<plist version="1.0">
  <dict>
    <key>CFBundleDevelopmentRegion</key>
    <string>$(DEVELOPMENT_LANGUAGE)</string>
    <key>CFBundleDisplayName</key>
    <string>example</string>
    <key>CFBundleExecutable</key>
    <string>$(EXECUTABLE_NAME)</string>
    <key>CFBundleIdentifier</key>
    <string>$(PRODUCT_BUNDLE_IDENTIFIER)</string>
    <key>CFBundleInfoDictionaryVersion</key>
    <string>6.0</string>
    <key>CFBundleName</key>
    <string>$(PRODUCT_NAME)</string>
    <key>CFBundlePackageType</key>
    <string>$(PRODUCT_BUNDLE_PACKAGE_TYPE)</string>
    <key>CFBundleShortVersionString</key>
    <string>1.0.0</string>
    <key>CFBundleSignature</key>
    <string>????</string>
    <key>CFBundleURLTypes</key>
    <array>
      <dict>
        <key>CFBundleURLSchemes</key>
        <array>
          <string>com.example</string>
        </array>
      </dict>
    </array>
    <key>CFBundleVersion</key>
    <string>1</string>
    <key>GADApplicationIdentifier</key>
    <string>TestIosId</string>
    <key>GADDelayAppMeasurementInit</key>
    <true/>
    <key>LSRequiresIPhoneOS</key>
    <true/>
    <key>NSAppTransportSecurity</key>
    <dict>
      <key>NSAllowsArbitraryLoads</key>
      <true/>
      <key>NSExceptionDomains</key>
      <dict>
        <key>localhost</key>
        <dict>
          <key>NSExceptionAllowsInsecureHTTPLoads</key>
          <true/>
        </dict>
      </dict>
    </dict>
    <key>NSUserTrackingUsageDescription</key>
    <string>TestUserTrackingUsageDescription</string>
    <key>SKAdNetworkItems</key>
    <array>
      <dict>
        <key>SKAdNetworkIdentifier</key>
        <string>TestSkAdNetworkItem1</string>
      </dict>
      <dict>
        <key>SKAdNetworkIdentifier</key>
        <string>TestSkAdNetworkItem2</string>
      </dict>
    </array>
    <key>UILaunchStoryboardName</key>
    <string>SplashScreen</string>
    <key>UIRequiredDeviceCapabilities</key>
    <array>
      <string>armv7</string>
    </array>
    <key>UIRequiresFullScreen</key>
    <false/>
    <key>UIStatusBarStyle</key>
    <string>UIStatusBarStyleDefault</string>
    <key>UISupportedInterfaceOrientations</key>
    <array>
      <string>UIInterfaceOrientationPortrait</string>
      <string>UIInterfaceOrientationPortraitUpsideDown</string>
      <string>UIInterfaceOrientationLandscapeLeft</string>
      <string>UIInterfaceOrientationLandscapeRight</string>
    </array>
    <key>UISupportedInterfaceOrientations~ipad</key>
    <array>
      <string>UIInterfaceOrientationPortrait</string>
      <string>UIInterfaceOrientationPortraitUpsideDown</string>
      <string>UIInterfaceOrientationLandscapeLeft</string>
      <string>UIInterfaceOrientationLandscapeRight</string>
    </array>
    <key>UIUserInterfaceStyle</key>
    <string>Light</string>
    <key>UIViewControllerBasedStatusBarAppearance</key>
    <false/>
  </dict>
</plist>"
`;

exports[`Expo Config Plugin Tests Should modify Info.plist 2`] = `
"<?xml version="1.0" encoding="UTF-8"?>
<!DOCTYPE plist PUBLIC "-//Apple//DTD PLIST 1.0//EN" "http://www.apple.com/DTDs/PropertyList-1.0.dtd">
<plist version="1.0">
  <dict>
    <key>CFBundleDevelopmentRegion</key>
    <string>$(DEVELOPMENT_LANGUAGE)</string>
    <key>CFBundleDisplayName</key>
    <string>example</string>
    <key>CFBundleExecutable</key>
    <string>$(EXECUTABLE_NAME)</string>
    <key>CFBundleIdentifier</key>
    <string>$(PRODUCT_BUNDLE_IDENTIFIER)</string>
    <key>CFBundleInfoDictionaryVersion</key>
    <string>6.0</string>
    <key>CFBundleName</key>
    <string>$(PRODUCT_NAME)</string>
    <key>CFBundlePackageType</key>
    <string>$(PRODUCT_BUNDLE_PACKAGE_TYPE)</string>
    <key>CFBundleShortVersionString</key>
    <string>1.0.0</string>
    <key>CFBundleSignature</key>
    <string>????</string>
    <key>CFBundleURLTypes</key>
    <array>
      <dict>
        <key>CFBundleURLSchemes</key>
        <array>
          <string>com.example</string>
        </array>
      </dict>
    </array>
    <key>CFBundleVersion</key>
    <string>1</string>
    <key>GADApplicationIdentifier</key>
    <string>TestIosId</string>
    <key>GADDelayAppMeasurementInit</key>
    <true/>
    <key>LSRequiresIPhoneOS</key>
    <true/>
    <key>NSAppTransportSecurity</key>
    <dict>
      <key>NSAllowsArbitraryLoads</key>
      <true/>
      <key>NSExceptionDomains</key>
      <dict>
        <key>localhost</key>
        <dict>
          <key>NSExceptionAllowsInsecureHTTPLoads</key>
          <true/>
        </dict>
      </dict>
    </dict>
    <key>NSUserTrackingUsageDescription</key>
    <string>TestUserTrackingUsageDescription</string>
    <key>SKAdNetworkItems</key>
    <array>
      <dict>
        <key>SKAdNetworkIdentifier</key>
        <string>TestSkAdNetworkItem1</string>
      </dict>
      <dict>
        <key>SKAdNetworkIdentifier</key>
        <string>TestSkAdNetworkItem2</string>
      </dict>
    </array>
    <key>UILaunchStoryboardName</key>
    <string>SplashScreen</string>
    <key>UIRequiredDeviceCapabilities</key>
    <array>
      <string>armv7</string>
    </array>
    <key>UIRequiresFullScreen</key>
    <false/>
    <key>UIStatusBarStyle</key>
    <string>UIStatusBarStyleDefault</string>
    <key>UISupportedInterfaceOrientations</key>
    <array>
      <string>UIInterfaceOrientationPortrait</string>
      <string>UIInterfaceOrientationPortraitUpsideDown</string>
      <string>UIInterfaceOrientationLandscapeLeft</string>
      <string>UIInterfaceOrientationLandscapeRight</string>
    </array>
    <key>UISupportedInterfaceOrientations~ipad</key>
    <array>
      <string>UIInterfaceOrientationPortrait</string>
      <string>UIInterfaceOrientationPortraitUpsideDown</string>
      <string>UIInterfaceOrientationLandscapeLeft</string>
      <string>UIInterfaceOrientationLandscapeRight</string>
    </array>
    <key>UIUserInterfaceStyle</key>
    <string>Light</string>
    <key>UIViewControllerBasedStatusBarAppearance</key>
    <false/>
  </dict>
</plist>"
`;

exports[`Expo Config Plugin Tests Should modify Info.plist 3`] = `
"<?xml version="1.0" encoding="UTF-8"?>
<!DOCTYPE plist PUBLIC "-//Apple//DTD PLIST 1.0//EN" "http://www.apple.com/DTDs/PropertyList-1.0.dtd">
<plist version="1.0">
  <dict>
    <key>CFBundleDevelopmentRegion</key>
    <string>$(DEVELOPMENT_LANGUAGE)</string>
    <key>CFBundleDisplayName</key>
    <string>example</string>
    <key>CFBundleExecutable</key>
    <string>$(EXECUTABLE_NAME)</string>
    <key>CFBundleIdentifier</key>
    <string>$(PRODUCT_BUNDLE_IDENTIFIER)</string>
    <key>CFBundleInfoDictionaryVersion</key>
    <string>6.0</string>
    <key>CFBundleName</key>
    <string>$(PRODUCT_NAME)</string>
    <key>CFBundlePackageType</key>
    <string>$(PRODUCT_BUNDLE_PACKAGE_TYPE)</string>
    <key>CFBundleShortVersionString</key>
    <string>1.0.0</string>
    <key>CFBundleSignature</key>
    <string>????</string>
    <key>CFBundleURLTypes</key>
    <array>
      <dict>
        <key>CFBundleURLSchemes</key>
        <array>
          <string>com.example</string>
        </array>
      </dict>
    </array>
    <key>CFBundleVersion</key>
    <string>1</string>
    <key>GADApplicationIdentifier</key>
    <string>TestIosId</string>
    <key>GADDelayAppMeasurementInit</key>
    <true/>
    <key>LSRequiresIPhoneOS</key>
    <true/>
    <key>NSAppTransportSecurity</key>
    <dict>
      <key>NSAllowsArbitraryLoads</key>
      <true/>
      <key>NSExceptionDomains</key>
      <dict>
        <key>localhost</key>
        <dict>
          <key>NSExceptionAllowsInsecureHTTPLoads</key>
          <true/>
        </dict>
      </dict>
    </dict>
    <key>NSUserTrackingUsageDescription</key>
    <string>TestUserTrackingUsageDescription</string>
    <key>SKAdNetworkItems</key>
    <array>
      <dict>
        <key>SKAdNetworkIdentifier</key>
        <string>TestSkAdNetworkItem1</string>
      </dict>
      <dict>
        <key>SKAdNetworkIdentifier</key>
        <string>TestSkAdNetworkItem2</string>
      </dict>
    </array>
    <key>UILaunchStoryboardName</key>
    <string>SplashScreen</string>
    <key>UIRequiredDeviceCapabilities</key>
    <array>
      <string>armv7</string>
    </array>
    <key>UIRequiresFullScreen</key>
    <false/>
    <key>UIStatusBarStyle</key>
    <string>UIStatusBarStyleDefault</string>
    <key>UISupportedInterfaceOrientations</key>
    <array>
      <string>UIInterfaceOrientationPortrait</string>
      <string>UIInterfaceOrientationPortraitUpsideDown</string>
      <string>UIInterfaceOrientationLandscapeLeft</string>
      <string>UIInterfaceOrientationLandscapeRight</string>
    </array>
    <key>UISupportedInterfaceOrientations~ipad</key>
    <array>
      <string>UIInterfaceOrientationPortrait</string>
      <string>UIInterfaceOrientationPortraitUpsideDown</string>
      <string>UIInterfaceOrientationLandscapeLeft</string>
      <string>UIInterfaceOrientationLandscapeRight</string>
    </array>
    <key>UIUserInterfaceStyle</key>
    <string>Light</string>
    <key>UIViewControllerBasedStatusBarAppearance</key>
    <false/>
  </dict>
</plist>"
`;

exports[`Expo Config Plugin Tests Should modify Info.plist idempotently 1`] = `
"<?xml version="1.0" encoding="UTF-8"?>
<!DOCTYPE plist PUBLIC "-//Apple//DTD PLIST 1.0//EN" "http://www.apple.com/DTDs/PropertyList-1.0.dtd">
<plist version="1.0">
  <dict>
    <key>CFBundleDevelopmentRegion</key>
    <string>$(DEVELOPMENT_LANGUAGE)</string>
    <key>CFBundleDisplayName</key>
    <string>example</string>
    <key>CFBundleExecutable</key>
    <string>$(EXECUTABLE_NAME)</string>
    <key>CFBundleIdentifier</key>
    <string>$(PRODUCT_BUNDLE_IDENTIFIER)</string>
    <key>CFBundleInfoDictionaryVersion</key>
    <string>6.0</string>
    <key>CFBundleName</key>
    <string>$(PRODUCT_NAME)</string>
    <key>CFBundlePackageType</key>
    <string>$(PRODUCT_BUNDLE_PACKAGE_TYPE)</string>
    <key>CFBundleShortVersionString</key>
    <string>1.0.0</string>
    <key>CFBundleSignature</key>
    <string>????</string>
    <key>CFBundleURLTypes</key>
    <array>
      <dict>
        <key>CFBundleURLSchemes</key>
        <array>
          <string>com.example</string>
        </array>
      </dict>
    </array>
    <key>CFBundleVersion</key>
    <string>1</string>
    <key>GADApplicationIdentifier</key>
    <string>TestIosId</string>
    <key>GADDelayAppMeasurementInit</key>
    <true/>
    <key>LSRequiresIPhoneOS</key>
    <true/>
    <key>NSAppTransportSecurity</key>
    <dict>
      <key>NSAllowsArbitraryLoads</key>
      <true/>
      <key>NSExceptionDomains</key>
      <dict>
        <key>localhost</key>
        <dict>
          <key>NSExceptionAllowsInsecureHTTPLoads</key>
          <true/>
        </dict>
      </dict>
    </dict>
    <key>NSUserTrackingUsageDescription</key>
    <string>TestUserTrackingUsageDescription</string>
    <key>SKAdNetworkItems</key>
    <array>
      <dict>
        <key>SKAdNetworkIdentifier</key>
        <string>TestSkAdNetworkItem1</string>
      </dict>
      <dict>
        <key>SKAdNetworkIdentifier</key>
        <string>TestSkAdNetworkItem2</string>
      </dict>
    </array>
    <key>UILaunchStoryboardName</key>
    <string>SplashScreen</string>
    <key>UIRequiredDeviceCapabilities</key>
    <array>
      <string>armv7</string>
    </array>
    <key>UIRequiresFullScreen</key>
    <false/>
    <key>UIStatusBarStyle</key>
    <string>UIStatusBarStyleDefault</string>
    <key>UISupportedInterfaceOrientations</key>
    <array>
      <string>UIInterfaceOrientationPortrait</string>
      <string>UIInterfaceOrientationPortraitUpsideDown</string>
      <string>UIInterfaceOrientationLandscapeLeft</string>
      <string>UIInterfaceOrientationLandscapeRight</string>
    </array>
    <key>UISupportedInterfaceOrientations~ipad</key>
    <array>
      <string>UIInterfaceOrientationPortrait</string>
      <string>UIInterfaceOrientationPortraitUpsideDown</string>
      <string>UIInterfaceOrientationLandscapeLeft</string>
      <string>UIInterfaceOrientationLandscapeRight</string>
    </array>
    <key>UIUserInterfaceStyle</key>
    <string>Light</string>
    <key>UIViewControllerBasedStatusBarAppearance</key>
    <false/>
  </dict>
</plist>"
`;

exports[`Expo Config Plugin Tests Should modify Info.plist idempotently 2`] = `
"<?xml version="1.0" encoding="UTF-8"?>
<!DOCTYPE plist PUBLIC "-//Apple//DTD PLIST 1.0//EN" "http://www.apple.com/DTDs/PropertyList-1.0.dtd">
<plist version="1.0">
  <dict>
    <key>CFBundleDevelopmentRegion</key>
    <string>$(DEVELOPMENT_LANGUAGE)</string>
    <key>CFBundleDisplayName</key>
    <string>example</string>
    <key>CFBundleExecutable</key>
    <string>$(EXECUTABLE_NAME)</string>
    <key>CFBundleIdentifier</key>
    <string>$(PRODUCT_BUNDLE_IDENTIFIER)</string>
    <key>CFBundleInfoDictionaryVersion</key>
    <string>6.0</string>
    <key>CFBundleName</key>
    <string>$(PRODUCT_NAME)</string>
    <key>CFBundlePackageType</key>
    <string>$(PRODUCT_BUNDLE_PACKAGE_TYPE)</string>
    <key>CFBundleShortVersionString</key>
    <string>1.0.0</string>
    <key>CFBundleSignature</key>
    <string>????</string>
    <key>CFBundleURLTypes</key>
    <array>
      <dict>
        <key>CFBundleURLSchemes</key>
        <array>
          <string>com.example</string>
        </array>
      </dict>
    </array>
    <key>CFBundleVersion</key>
    <string>1</string>
    <key>GADApplicationIdentifier</key>
    <string>TestIosId</string>
    <key>GADDelayAppMeasurementInit</key>
    <true/>
    <key>LSRequiresIPhoneOS</key>
    <true/>
    <key>NSAppTransportSecurity</key>
    <dict>
      <key>NSAllowsArbitraryLoads</key>
      <true/>
      <key>NSExceptionDomains</key>
      <dict>
        <key>localhost</key>
        <dict>
          <key>NSExceptionAllowsInsecureHTTPLoads</key>
          <true/>
        </dict>
      </dict>
    </dict>
    <key>NSUserTrackingUsageDescription</key>
    <string>TestUserTrackingUsageDescription</string>
    <key>SKAdNetworkItems</key>
    <array>
      <dict>
        <key>SKAdNetworkIdentifier</key>
        <string>TestSkAdNetworkItem1</string>
      </dict>
      <dict>
        <key>SKAdNetworkIdentifier</key>
        <string>TestSkAdNetworkItem2</string>
      </dict>
    </array>
    <key>UILaunchStoryboardName</key>
    <string>SplashScreen</string>
    <key>UIRequiredDeviceCapabilities</key>
    <array>
      <string>armv7</string>
    </array>
    <key>UIRequiresFullScreen</key>
    <false/>
    <key>UIStatusBarStyle</key>
    <string>UIStatusBarStyleDefault</string>
    <key>UISupportedInterfaceOrientations</key>
    <array>
      <string>UIInterfaceOrientationPortrait</string>
      <string>UIInterfaceOrientationPortraitUpsideDown</string>
      <string>UIInterfaceOrientationLandscapeLeft</string>
      <string>UIInterfaceOrientationLandscapeRight</string>
    </array>
    <key>UISupportedInterfaceOrientations~ipad</key>
    <array>
      <string>UIInterfaceOrientationPortrait</string>
      <string>UIInterfaceOrientationPortraitUpsideDown</string>
      <string>UIInterfaceOrientationLandscapeLeft</string>
      <string>UIInterfaceOrientationLandscapeRight</string>
    </array>
    <key>UIUserInterfaceStyle</key>
    <string>Light</string>
    <key>UIViewControllerBasedStatusBarAppearance</key>
    <false/>
  </dict>
</plist>"
`;

exports[`Expo Config Plugin Tests Should modify Info.plist idempotently 3`] = `
"<?xml version="1.0" encoding="UTF-8"?>
<!DOCTYPE plist PUBLIC "-//Apple//DTD PLIST 1.0//EN" "http://www.apple.com/DTDs/PropertyList-1.0.dtd">
<plist version="1.0">
  <dict>
    <key>CFBundleDevelopmentRegion</key>
    <string>$(DEVELOPMENT_LANGUAGE)</string>
    <key>CFBundleDisplayName</key>
    <string>example</string>
    <key>CFBundleExecutable</key>
    <string>$(EXECUTABLE_NAME)</string>
    <key>CFBundleIdentifier</key>
    <string>$(PRODUCT_BUNDLE_IDENTIFIER)</string>
    <key>CFBundleInfoDictionaryVersion</key>
    <string>6.0</string>
    <key>CFBundleName</key>
    <string>$(PRODUCT_NAME)</string>
    <key>CFBundlePackageType</key>
    <string>$(PRODUCT_BUNDLE_PACKAGE_TYPE)</string>
    <key>CFBundleShortVersionString</key>
    <string>1.0.0</string>
    <key>CFBundleSignature</key>
    <string>????</string>
    <key>CFBundleURLTypes</key>
    <array>
      <dict>
        <key>CFBundleURLSchemes</key>
        <array>
          <string>com.example</string>
        </array>
      </dict>
    </array>
    <key>CFBundleVersion</key>
    <string>1</string>
    <key>GADApplicationIdentifier</key>
    <string>TestIosId</string>
    <key>GADDelayAppMeasurementInit</key>
    <true/>
    <key>LSRequiresIPhoneOS</key>
    <true/>
    <key>NSAppTransportSecurity</key>
    <dict>
      <key>NSAllowsArbitraryLoads</key>
      <true/>
      <key>NSExceptionDomains</key>
      <dict>
        <key>localhost</key>
        <dict>
          <key>NSExceptionAllowsInsecureHTTPLoads</key>
          <true/>
        </dict>
      </dict>
    </dict>
    <key>NSUserTrackingUsageDescription</key>
    <string>TestUserTrackingUsageDescription</string>
    <key>SKAdNetworkItems</key>
    <array>
      <dict>
        <key>SKAdNetworkIdentifier</key>
        <string>TestSkAdNetworkItem1</string>
      </dict>
      <dict>
        <key>SKAdNetworkIdentifier</key>
        <string>TestSkAdNetworkItem2</string>
      </dict>
    </array>
    <key>UILaunchStoryboardName</key>
    <string>SplashScreen</string>
    <key>UIRequiredDeviceCapabilities</key>
    <array>
      <string>armv7</string>
    </array>
    <key>UIRequiresFullScreen</key>
    <false/>
    <key>UIStatusBarStyle</key>
    <string>UIStatusBarStyleDefault</string>
    <key>UISupportedInterfaceOrientations</key>
    <array>
      <string>UIInterfaceOrientationPortrait</string>
      <string>UIInterfaceOrientationPortraitUpsideDown</string>
      <string>UIInterfaceOrientationLandscapeLeft</string>
      <string>UIInterfaceOrientationLandscapeRight</string>
    </array>
    <key>UISupportedInterfaceOrientations~ipad</key>
    <array>
      <string>UIInterfaceOrientationPortrait</string>
      <string>UIInterfaceOrientationPortraitUpsideDown</string>
      <string>UIInterfaceOrientationLandscapeLeft</string>
      <string>UIInterfaceOrientationLandscapeRight</string>
    </array>
    <key>UIUserInterfaceStyle</key>
    <string>Light</string>
    <key>UIViewControllerBasedStatusBarAppearance</key>
    <false/>
  </dict>
</plist>"
`;
